// Jest Snapshot v1, https://goo.gl/fbAQLP

exports[`FieldMaxWidth tests should render max width input 1`] = `
<DocumentFragment>
  <div
    class="css-w6s8l8-FormField e1jhpckf0"
  >
    <label
      class="css-m0dhjx-LabelField e16iqet90"
      for="field-width"
    >
      Макс. ширина:
    </label>
    <input
      autocomplete="off"
      class="css-iol0j7-InputField el9r7ir0"
      id="field-width"
      name="fieldWidth"
      pattern="([0-9]*[.])?[0-9]+"
      step="1"
      type="number"
      value="500"
    />
  </div>
</DocumentFragment>
`;
