// Jest Snapshot v1, https://goo.gl/fbAQLP

exports[`focusable separator tests should render focusable separator 1`] = `
<DocumentFragment>
  .emotion-0 {
  width: 100%;
  height: 30px;
  cursor: -webkit-grabbing;
  cursor: grabbing;
  -webkit-user-select: none;
  -moz-user-select: none;
  -ms-user-select: none;
  user-select: none;
  overflow: hidden;
  border-top: 2px solid #6a6d75;
}

.emotion-0:hover {
  opacity: 0.7;
}

.emotion-0 .handle-icon {
  display: block;
  background: #6a6d75;
  width: 50px;
  margin: 10px auto 0 auto;
  height: 6px;
  border-radius: 10px;
}

<div
    aria-valuenow="50"
    class="emotion-0 emotion-1"
    role="separator"
  >
    <div
      class="handle-icon"
    />
  </div>
</DocumentFragment>
`;
