// Jest Snapshot v1, https://goo.gl/fbAQLP

exports[`FieldSpeed tests should render speed input 1`] = `
<DocumentFragment>
  <div
    class="css-mkf0o6"
  >
    <label
      class="css-1wnvjz2"
      for="speed-change"
    >
      Обновлений в секунду:
    </label>
    <input
      autocomplete="off"
      class="css-16tc96n"
      id="speed-change"
      name="speedChange"
      pattern="([0-9]*[.])?[0-9]+"
      step="0.1"
      type="number"
      value="2"
    />
  </div>
</DocumentFragment>
`;
